// Jest Snapshot v1, https://goo.gl/fbAQLP

exports[`Footer component: render - success 1`] = `ShallowWrapper {}`;
