// Jest Snapshot v1, https://goo.gl/fbAQLP

exports[`PostPost component render - success 1`] = `"<div class=\\"container\\"><div class=\\"row\\"><div class=\\" mx-auto mt-3 post-label\\">New post</div></div><div class=\\"mt-2 mx-auto post row\\"><img src=\\"some value\\" height=\\"293\\" class=\\"img-fluid rounded w-100\\" alt=\\"cropped img\\"/><textarea name=\\"description\\" placeholder=\\"Write a caption...\\" spellcheck=\\"false\\" maxLength=\\"200\\" class=\\"mt-3 interaction form-control\\">some value</textarea></div></div>"`;
