// Jest Snapshot v1, https://goo.gl/fbAQLP

exports[`Profile edit component: render - success 1`] = `ShallowWrapper {}`;
