// Jest Snapshot v1, https://goo.gl/fbAQLP

exports[`Subscribers smart component render - success 1`] = `ShallowWrapper {}`;
