// Jest Snapshot v1, https://goo.gl/fbAQLP

exports[`WriteComment smart component render - success 1`] = `ShallowWrapper {}`;
