// Jest Snapshot v1, https://goo.gl/fbAQLP

exports[`FriendsRecommendationsList smart component render - success 1`] = `ShallowWrapper {}`;
