// Jest Snapshot v1, https://goo.gl/fbAQLP

exports[`LikeList smart component render - success 1`] = `ShallowWrapper {}`;
