// Jest Snapshot v1, https://goo.gl/fbAQLP

exports[`Post component render - success 1`] = `ShallowWrapper {}`;
