// Jest Snapshot v1, https://goo.gl/fbAQLP

exports[`Error404 component render-success 1`] = `ShallowWrapper {}`;
