// Jest Snapshot v1, https://goo.gl/fbAQLP

exports[`SideBar smart component render - success 1`] = `ShallowWrapper {}`;
