// Jest Snapshot v1, https://goo.gl/fbAQLP

exports[`PopUpModal component: render - success 1`] = `ShallowWrapper {}`;
