// Jest Snapshot v1, https://goo.gl/fbAQLP

exports[`EmailChange smart component render-success 1`] = `ShallowWrapper {}`;
