// Jest Snapshot v1, https://goo.gl/fbAQLP

exports[`Likes component render - success 1`] = `ShallowWrapper {}`;
