// Jest Snapshot v1, https://goo.gl/fbAQLP

exports[`FriendsRecommendations component render-success 1`] = `ReactWrapper {}`;
