// Jest Snapshot v1, https://goo.gl/fbAQLP

exports[`Login component: render - success 1`] = `ShallowWrapper {}`;
