// Jest Snapshot v1, https://goo.gl/fbAQLP

exports[`AddPostCropper component render-success 1`] = `ShallowWrapper {}`;
