// Jest Snapshot v1, https://goo.gl/fbAQLP

exports[`FeedPost smart component render - success 1`] = `ShallowWrapper {}`;
