// Jest Snapshot v1, https://goo.gl/fbAQLP

exports[`MenuPost component render-success 1`] = `ShallowWrapper {}`;
