// Jest Snapshot v1, https://goo.gl/fbAQLP

exports[`CheckEmail component: render - success 1`] = `ShallowWrapper {}`;
