// Jest Snapshot v1, https://goo.gl/fbAQLP

exports[`Profile password change component render - success 1`] = `ShallowWrapper {}`;
