// Jest Snapshot v1, https://goo.gl/fbAQLP

exports[`PostByTag smart component render - success 1`] = `ShallowWrapper {}`;
