// Jest Snapshot v1, https://goo.gl/fbAQLP

exports[`Register component: render - success 1`] = `ShallowWrapper {}`;
