// Jest Snapshot v1, https://goo.gl/fbAQLP

exports[`Alert component: render - success 1`] = `ShallowWrapper {}`;
