// Jest Snapshot v1, https://goo.gl/fbAQLP

exports[`Cropper component: render-success 1`] = `ShallowWrapper {}`;
